Analyzing to_do_app...                                          

  error - Extension methods can't be used in constant expressions - lib\screens\add_edit_task_screen.dart:81:36 - const_eval_extension_method
  error - Extension methods can't be used in constant expressions - lib\screens\add_edit_task_screen.dart:93:38 - const_eval_extension_method
  error - Extension methods can't be used in constant expressions - lib\screens\add_edit_task_screen.dart:102:38 - const_eval_extension_method
  error - Extension methods can't be used in constant expressions - lib\screens\add_edit_task_screen.dart:107:31 - const_eval_extension_method
  error - Extension methods can't be used in constant expressions - lib\screens\add_edit_task_screen.dart:126:31 - const_eval_extension_method
  error - Extension methods can't be used in constant expressions - lib\screens\add_edit_task_screen.dart:132:63 - const_eval_extension_method
  error - Extension methods can't be used in constant expressions - lib\screens\add_edit_task_screen.dart:138:33 - const_eval_extension_method
  error - Extension methods can't be used in constant expressions - lib\screens\add_edit_task_screen.dart:150:39 - const_eval_extension_method
  error - Extension methods can't be used in constant expressions - lib\screens\add_edit_task_screen.dart:155:48 - const_eval_extension_method
  error - Extension methods can't be used in constant expressions - lib\screens\add_edit_task_screen.dart:161:39 - const_eval_extension_method
  error - Extension methods can't be used in constant expressions - lib\screens\add_edit_task_screen.dart:174:43 - const_eval_extension_method
  error - Extension methods can't be used in constant expressions - lib\screens\add_edit_task_screen.dart:187:40 - const_eval_extension_method
  error - Extension methods can't be used in constant expressions - lib\screens\add_edit_task_screen.dart:192:48 - const_eval_extension_method
  error - Extension methods can't be used in constant expressions - lib\screens\add_edit_task_screen.dart:198:39 - const_eval_extension_method
  error - Extension methods can't be used in constant expressions - lib\screens\add_edit_task_screen.dart:203:48 - const_eval_extension_method
  error - Extension methods can't be used in constant expressions - lib\screens\add_edit_task_screen.dart:208:39 - const_eval_extension_method
  error - Extension methods can't be used in constant expressions - lib\screens\add_edit_task_screen.dart:221:43 - const_eval_extension_method
  error - Extension methods can't be used in constant expressions - lib\screens\add_edit_task_screen.dart:234:40 - const_eval_extension_method
  error - Extension methods can't be used in constant expressions - lib\screens\add_edit_task_screen.dart:239:48 - const_eval_extension_method
  error - Extension methods can't be used in constant expressions - lib\screens\add_edit_task_screen.dart:245:39 - const_eval_extension_method
  error - Extension methods can't be used in constant expressions - lib\screens\add_edit_task_screen.dart:250:48 - const_eval_extension_method
   info - 'withOpacity' is deprecated and shouldn't be used. Use .withValues() to avoid precision loss - lib\screens\add_edit_task_screen.dart:259:46 - deprecated_member_use
  error - Extension methods can't be used in constant expressions - lib\screens\add_edit_task_screen.dart:306:48 - const_eval_extension_method
  error - Extension methods can't be used in constant expressions - lib\screens\add_edit_task_screen.dart:312:39 - const_eval_extension_method
  error - Extension methods can't be used in constant expressions - lib\screens\add_edit_task_screen.dart:317:48 - const_eval_extension_method
  error - Extension methods can't be used in constant expressions - lib\screens\add_edit_task_screen.dart:347:77 - const_eval_extension_method
   info - 'withOpacity' is deprecated and shouldn't be used. Use .withValues() to avoid precision loss - lib\screens\add_edit_task_screen.dart:354:48 - deprecated_member_use
  error - Extension methods can't be used in constant expressions - lib\screens\add_edit_task_screen.dart:373:41 - const_eval_extension_method
  error - Extension methods can't be used in constant expressions - lib\screens\add_edit_task_screen.dart:380:35 - const_eval_extension_method
  error - Extension methods can't be used in constant expressions - lib\screens\add_edit_task_screen.dart:391:31 - const_eval_extension_method
   info - 'withOpacity' is deprecated and shouldn't be used. Use .withValues() to avoid precision loss - lib\screens\add_edit_task_screen.dart:398:61 - deprecated_member_use
  error - Extension methods can't be used in constant expressions - lib\screens\add_edit_task_screen.dart:409:73 - const_eval_extension_method
   info - 'withOpacity' is deprecated and shouldn't be used. Use .withValues() to avoid precision loss - lib\screens\add_edit_task_screen.dart:414:44 - deprecated_member_use
  error - Extension methods can't be used in constant expressions - lib\screens\add_edit_task_screen.dart:424:39 - const_eval_extension_method
  error - Extension methods can't be used in constant expressions - lib\screens\add_edit_task_screen.dart:430:43 - const_eval_extension_method
  error - Extension methods can't be used in constant expressions - lib\screens\add_edit_task_screen.dart:436:73 - const_eval_extension_method
  error - Extension methods can't be used in constant expressions - lib\screens\add_edit_task_screen.dart:445:41 - const_eval_extension_method
  error - Extension methods can't be used in constant expressions - lib\screens\add_edit_task_screen.dart:456:45 - const_eval_extension_method
   info - The import of 'dart:ui' is unnecessary because all of the used elements are also provided by the import of 'package:flutter/material.dart' - lib\screens\home_screen.dart:1:8 - unnecessary_import
  error - Extension methods can't be used in constant expressions - lib\screens\home_screen.dart:117:48 - const_eval_extension_method
  error - Extension methods can't be used in constant expressions - lib\screens\home_screen.dart:141:53 - const_eval_extension_method
  error - Extension methods can't be used in constant expressions - lib\screens\home_screen.dart:159:25 - const_eval_extension_method
   info - 'withOpacity' is deprecated and shouldn't be used. Use .withValues() to avoid precision loss - lib\screens\home_screen.dart:168:46 - deprecated_member_use
  error - Extension methods can't be used in constant expressions - lib\screens\home_screen.dart:175:74 - const_eval_extension_method
  error - Extension methods can't be used in constant expressions - lib\screens\home_screen.dart:210:55 - const_eval_extension_method
  error - Extension methods can't be used in constant expressions - lib\screens\home_screen.dart:232:41 - const_eval_extension_method
  error - Extension methods can't be used in constant expressions - lib\screens\home_screen.dart:246:23 - const_eval_extension_method
  error - Extension methods can't be used in constant expressions - lib\screens\home_screen.dart:250:34 - const_eval_extension_method
  error - Extension methods can't be used in constant expressions - lib\screens\home_screen.dart:261:34 - const_eval_extension_method
  error - Extension methods can't be used in constant expressions - lib\screens\home_screen.dart:264:48 - const_eval_extension_method
  error - Extension methods can't be used in constant expressions - lib\screens\home_screen.dart:278:34 - const_eval_extension_method
  error - Extension methods can't be used in constant expressions - lib\screens\home_screen.dart:301:31 - const_eval_extension_method
  error - Extension methods can't be used in constant expressions - lib\screens\home_screen.dart:331:25 - const_eval_extension_method
  error - Extension methods can't be used in constant expressions - lib\screens\home_screen.dart:335:38 - const_eval_extension_method
  error - Extension methods can't be used in constant expressions - lib\screens\home_screen.dart:339:29 - const_eval_extension_method
  error - Extension methods can't be used in constant expressions - lib\screens\home_screen.dart:344:38 - const_eval_extension_method
  error - Extension methods can't be used in constant expressions - lib\screens\home_screen.dart:349:29 - const_eval_extension_method
  error - Extension methods can't be used in constant expressions - lib\screens\home_screen.dart:387:56 - const_eval_extension_method
  error - Extension methods can't be used in constant expressions - lib\screens\home_screen.dart:393:47 - const_eval_extension_method
  error - Extension methods can't be used in constant expressions - lib\screens\home_screen.dart:397:17 - const_eval_extension_method
  error - Extension methods can't be used in constant expressions - lib\screens\home_screen.dart:418:56 - const_eval_extension_method
   info - 'withOpacity' is deprecated and shouldn't be used. Use .withValues() to avoid precision loss - lib\screens\home_screen.dart:423:51 - deprecated_member_use
  error - Extension methods can't be used in constant expressions - lib\screens\home_screen.dart:429:27 - const_eval_extension_method
  error - Extension methods can't be used in constant expressions - lib\screens\home_screen.dart:439:45 - const_eval_extension_method
  error - Extension methods can't be used in constant expressions - lib\screens\home_screen.dart:469:37 - const_eval_extension_method
  error - Extension methods can't be used in constant expressions - lib\screens\home_screen.dart:475:41 - const_eval_extension_method
  error - Extension methods can't be used in constant expressions - lib\screens\home_screen.dart:496:48 - const_eval_extension_method
  error - Extension methods can't be used in constant expressions - lib\screens\home_screen.dart:501:45 - const_eval_extension_method
  error - Extension methods can't be used in constant expressions - lib\screens\home_screen.dart:517:51 - const_eval_extension_method
  error - Extension methods can't be used in constant expressions - lib\screens\home_screen.dart:521:43 - const_eval_extension_method
  error - Extension methods can't be used in constant expressions - lib\screens\home_screen.dart:537:29 - const_eval_extension_method
  error - Extension methods can't be used in constant expressions - lib\screens\home_screen.dart:581:37 - const_eval_extension_method
  error - Extension methods can't be used in constant expressions - lib\screens\home_screen.dart:602:37 - const_eval_extension_method
  error - Extension methods can't be used in constant expressions - lib\screens\login_screen.dart:45:63 - const_eval_extension_method
   info - 'withOpacity' is deprecated and shouldn't be used. Use .withValues() to avoid precision loss - lib\screens\login_screen.dart:63:56 - deprecated_member_use
  error - Extension methods can't be used in constant expressions - lib\screens\login_screen.dart:65:52 - const_eval_extension_method
  error - Extension methods can't be used in constant expressions - lib\screens\login_screen.dart:71:33 - const_eval_extension_method
  error - Extension methods can't be used in constant expressions - lib\screens\login_screen.dart:76:44 - const_eval_extension_method
  error - Extension methods can't be used in constant expressions - lib\screens\login_screen.dart:83:37 - const_eval_extension_method
  error - Extension methods can't be used in constant expressions - lib\screens\login_screen.dart:90:44 - const_eval_extension_method
  error - Extension methods can't be used in constant expressions - lib\screens\login_screen.dart:95:37 - const_eval_extension_method
  error - Extension methods can't be used in constant expressions - lib\screens\login_screen.dart:100:44 - const_eval_extension_method
  error - Extension methods can't be used in constant expressions - lib\screens\login_screen.dart:109:44 - const_eval_extension_method
  error - Extension methods can't be used in constant expressions - lib\screens\login_screen.dart:119:44 - const_eval_extension_method
  error - Extension methods can't be used in constant expressions - lib\screens\login_screen.dart:129:44 - const_eval_extension_method
  error - Extension methods can't be used in constant expressions - lib\screens\login_screen.dart:141:69 - const_eval_extension_method
  error - Extension methods can't be used in constant expressions - lib\screens\login_screen.dart:158:44 - const_eval_extension_method
   info - Don't use 'BuildContext's across async gaps, guarded by an unrelated 'mounted' check - lib\screens\login_screen.dart:170:58 - use_build_context_synchronously
  error - Extension methods can't be used in constant expressions - lib\screens\login_screen.dart:174:44 - const_eval_extension_method
  error - Extension methods can't be used in constant expressions - lib\screens\login_screen.dart:184:39 - const_eval_extension_method
  error - Extension methods can't be used in constant expressions - lib\screens\login_screen.dart:194:41 - const_eval_extension_method
  error - Extension methods can't be used in constant expressions - lib\screens\login_screen.dart:200:44 - const_eval_extension_method
  error - Extension methods can't be used in constant expressions - lib\screens\profile_screen.dart:81:33 - const_eval_extension_method
  error - Extension methods can't be used in constant expressions - lib\screens\profile_screen.dart:122:53 - const_eval_extension_method
  error - Extension methods can't be used in constant expressions - lib\screens\profile_screen.dart:135:53 - const_eval_extension_method
  error - Extension methods can't be used in constant expressions - lib\screens\profile_screen.dart:145:54 - const_eval_extension_method
  error - Extension methods can't be used in constant expressions - lib\screens\profile_screen.dart:163:57 - const_eval_extension_method
  error - Extension methods can't be used in constant expressions - lib\screens\profile_screen.dart:170:45 - const_eval_extension_method
  error - Extension methods can't be used in constant expressions - lib\screens\profile_screen.dart:188:54 - const_eval_extension_method
  error - Extension methods can't be used in constant expressions - lib\screens\profile_screen.dart:227:61 - const_eval_extension_method
  error - Extension methods can't be used in constant expressions - lib\screens\profile_screen.dart:238:57 - const_eval_extension_method
  error - Extension methods can't be used in constant expressions - lib\screens\profile_screen.dart:251:55 - const_eval_extension_method
  error - Extension methods can't be used in constant expressions - lib\screens\profile_screen.dart:256:64 - const_eval_extension_method
  error - Extension methods can't be used in constant expressions - lib\screens\profile_screen.dart:260:55 - const_eval_extension_method
  error - Extension methods can't be used in constant expressions - lib\screens\profile_screen.dart:287:48 - const_eval_extension_method
  error - Extension methods can't be used in constant expressions - lib\screens\profile_screen.dart:295:45 - const_eval_extension_method
   info - 'activeColor' is deprecated and shouldn't be used. Use activeThumbColor instead. This feature was deprecated after v3.31.0-2.0.pre - lib\screens\profile_screen.dart:313:35 - deprecated_member_use
   info - 'activeColor' is deprecated and shouldn't be used. Use activeThumbColor instead. This feature was deprecated after v3.31.0-2.0.pre - lib\screens\profile_screen.dart:334:35 - deprecated_member_use
  error - Extension methods can't be used in constant expressions - lib\screens\profile_screen.dart:387:21 - const_eval_extension_method
  error - Extension methods can't be used in constant expressions - lib\screens\signup_screen.dart:57:63 - const_eval_extension_method
  error - Extension methods can't be used in constant expressions - lib\screens\signup_screen.dart:63:44 - const_eval_extension_method
  error - Extension methods can't be used in constant expressions - lib\screens\signup_screen.dart:77:33 - const_eval_extension_method
   info - 'withOpacity' is deprecated and shouldn't be used. Use .withValues() to avoid precision loss - lib\screens\signup_screen.dart:93:56 - deprecated_member_use
  error - Extension methods can't be used in constant expressions - lib\screens\signup_screen.dart:95:52 - const_eval_extension_method
  error - Extension methods can't be used in constant expressions - lib\screens\signup_screen.dart:101:33 - const_eval_extension_method
  error - Extension methods can't be used in constant expressions - lib\screens\signup_screen.dart:106:44 - const_eval_extension_method
  error - Extension methods can't be used in constant expressions - lib\screens\signup_screen.dart:113:37 - const_eval_extension_method
  error - Extension methods can't be used in constant expressions - lib\screens\signup_screen.dart:120:44 - const_eval_extension_method
  error - Extension methods can't be used in constant expressions - lib\screens\signup_screen.dart:125:37 - const_eval_extension_method
  error - Extension methods can't be used in constant expressions - lib\screens\signup_screen.dart:130:44 - const_eval_extension_method
  error - Extension methods can't be used in constant expressions - lib\screens\signup_screen.dart:139:44 - const_eval_extension_method
  error - Extension methods can't be used in constant expressions - lib\screens\signup_screen.dart:149:44 - const_eval_extension_method
  error - Extension methods can't be used in constant expressions - lib\screens\signup_screen.dart:159:44 - const_eval_extension_method
  error - Extension methods can't be used in constant expressions - lib\screens\signup_screen.dart:169:44 - const_eval_extension_method
  error - Extension methods can't be used in constant expressions - lib\screens\signup_screen.dart:181:69 - const_eval_extension_method
  error - Extension methods can't be used in constant expressions - lib\screens\signup_screen.dart:198:44 - const_eval_extension_method
   info - Don't use 'BuildContext's across async gaps, guarded by an unrelated 'mounted' check - lib\screens\signup_screen.dart:210:58 - use_build_context_synchronously
  error - Extension methods can't be used in constant expressions - lib\screens\signup_screen.dart:214:44 - const_eval_extension_method
  error - Extension methods can't be used in constant expressions - lib\screens\signup_screen.dart:224:39 - const_eval_extension_method
  error - Extension methods can't be used in constant expressions - lib\screens\signup_screen.dart:234:41 - const_eval_extension_method
  error - Extension methods can't be used in constant expressions - lib\screens\signup_screen.dart:240:44 - const_eval_extension_method
   info - Don't use 'BuildContext's across async gaps - lib\screens\splash_screen.dart:41:38 - use_build_context_synchronously
   info - Don't use 'BuildContext's across async gaps - lib\screens\splash_screen.dart:43:38 - use_build_context_synchronously
  error - Extension methods can't be used in constant expressions - lib\screens\splash_screen.dart:75:38 - const_eval_extension_method
  error - Extension methods can't be used in constant expressions - lib\screens\splash_screen.dart:79:29 - const_eval_extension_method
  error - Extension methods can't be used in constant expressions - lib\screens\splash_screen.dart:85:38 - const_eval_extension_method
   info - 'withOpacity' is deprecated and shouldn't be used. Use .withValues() to avoid precision loss - lib\screens\splash_screen.dart:90:39 - deprecated_member_use
  error - Extension methods can't be used in constant expressions - lib\screens\splash_screen.dart:94:38 - const_eval_extension_method
   info - 'withOpacity' is deprecated and shouldn't be used. Use .withValues() to avoid precision loss - lib\screens\splash_screen.dart:101:34 - deprecated_member_use
   info - Uses 'await' on an instance of 'GoogleSignInAuthentication', which is not a subtype of 'Future' - lib\services\auth_service.dart:66:11 - await_only_futures
  error - Extension methods can't be used in constant expressions - lib\utils\app_theme.dart:79:21 - const_eval_extension_method
  error - Extension methods can't be used in constant expressions - lib\utils\app_theme.dart:94:56 - const_eval_extension_method
  error - Extension methods can't be used in constant expressions - lib\utils\app_theme.dart:101:23 - const_eval_extension_method
  error - Extension methods can't be used in constant expressions - lib\utils\app_theme.dart:114:73 - const_eval_extension_method
  error - Extension methods can't be used in constant expressions - lib\utils\app_theme.dart:120:47 - const_eval_extension_method
  error - Extension methods can't be used in constant expressions - lib\utils\app_theme.dart:121:75 - const_eval_extension_method
  error - Extension methods can't be used in constant expressions - lib\utils\app_theme.dart:122:74 - const_eval_extension_method
  error - Extension methods can't be used in constant expressions - lib\utils\app_theme.dart:129:57 - const_eval_extension_method
  error - Extension methods can't be used in constant expressions - lib\utils\app_theme.dart:134:23 - const_eval_extension_method
  error - Extension methods can't be used in constant expressions - lib\utils\app_theme.dart:147:67 - const_eval_extension_method
  error - Extension methods can't be used in constant expressions - lib\utils\app_theme.dart:178:21 - const_eval_extension_method
  error - Extension methods can't be used in constant expressions - lib\utils\app_theme.dart:193:56 - const_eval_extension_method
  error - Extension methods can't be used in constant expressions - lib\utils\app_theme.dart:200:23 - const_eval_extension_method
  error - Extension methods can't be used in constant expressions - lib\utils\app_theme.dart:213:73 - const_eval_extension_method
  error - Extension methods can't be used in constant expressions - lib\utils\app_theme.dart:219:47 - const_eval_extension_method
  error - Extension methods can't be used in constant expressions - lib\utils\app_theme.dart:222:21 - const_eval_extension_method
  error - Extension methods can't be used in constant expressions - lib\utils\app_theme.dart:226:21 - const_eval_extension_method
  error - Extension methods can't be used in constant expressions - lib\utils\app_theme.dart:234:57 - const_eval_extension_method
  error - Extension methods can't be used in constant expressions - lib\utils\app_theme.dart:239:23 - const_eval_extension_method
  error - Extension methods can't be used in constant expressions - lib\utils\app_theme.dart:252:74 - const_eval_extension_method
  error - Extension methods can't be used in constant expressions - lib\widgets\custom_widgets.dart:40:19 - const_eval_extension_method
   info - 'withOpacity' is deprecated and shouldn't be used. Use .withValues() to avoid precision loss - lib\widgets\custom_widgets.dart:87:40 - deprecated_member_use
  error - Extension methods can't be used in constant expressions - lib\widgets\custom_widgets.dart:89:36 - const_eval_extension_method
  error - Extension methods can't be used in constant expressions - lib\widgets\custom_widgets.dart:104:26 - const_eval_extension_method
  error - Extension methods can't be used in constant expressions - lib\widgets\custom_widgets.dart:114:31 - const_eval_extension_method
  error - Extension methods can't be used in constant expressions - lib\widgets\custom_widgets.dart:145:67 - const_eval_extension_method
  error - Extension methods can't be used in constant expressions - lib\widgets\custom_widgets.dart:153:23 - const_eval_extension_method
   info - 'withOpacity' is deprecated and shouldn't be used. Use .withValues() to avoid precision loss - lib\widgets\custom_widgets.dart:184:38 - deprecated_member_use
  error - Extension methods can't be used in constant expressions - lib\widgets\custom_widgets.dart:196:24 - const_eval_extension_method
  error - Extension methods can't be used in constant expressions - lib\widgets\custom_widgets.dart:208:35 - const_eval_extension_method
  error - Extension methods can't be used in constant expressions - lib\widgets\custom_widgets.dart:212:27 - const_eval_extension_method

